A little map of the first town:
===============================

coordinates are multiplied by factor 10 (ten metres)!

1) inner city (files of ../room/inner/...) :

    4         5         6         7         8
    01234567890123456789012345678901234567890    (x coord)

50
 1 
 2                #############
 3               #             #
 4              #   n j         v 
 5             #      |          # 
 6            #   r-o y x C m     #
 7            #      \| | |/      #
 8            s   z-I b-c-d       #
 9            #      \|\|/|       #
60         ---k-------i-a-e-l     #
 1            #       |/|\|       #
 2            t   G-B-h-g-f-J-K   #
 3            #   | |   |  \     #
 4            #   D E   p-A H-u #
 5             #   \ \       \ #
 6              #   w F       q
 7               #           # \
 8                ###########

done: abcdefghijklmnopq stu wxyzABCDEFGHI

# inner townwall (offset +5 in z-coords)
a mainplazam, pillory,
b mainplazanw,
c mainplazan, advertising pillar
d mainplazane,
e mainplazae, rotten signpost
f mainplazase,
g mainplazas,
h mainplazasw, trap door to prison cave (ever locked)
i mainplazaw, signpost
j voodooshop
k maingate, two guards, pullchain, gate
l smithy
m puddle, hide townwallkey
n library, enter it by breaking/entering the window in room 'o'
o libentry, window (break,open,close,clean)-> way to 
p mainshop
q doorroom, little door to the outer area
r darkend
s towern, way up to townwall
t towers, way up to townwall
u house of hurxel, Hurxel (eatcorpse quest)
v prisonentry, down to prison and prisoncells
w empty room, funny
x courthouse,entry to tent,inside tent - gipsy woman
y to_voodoo
z plateplace, read plate (if you have the potion of wisdom drunken)
A toilet, shit,piss, drop items into hole 
B bank
C pile, search pile, move pile, read inscription
D oguild, nothing special yet there
E itemple, temple of Xarxos, pray
F icross, cross,touch cross|stone,
G bank_to_oguild
H to_hurxel, entry to house of hurxel
I to_plate
J to_patrician, way to patrizier
K patrician, house, rebuilding, destructing, rebuilding, ....
  - ruled by chaos

-----------------------------------------------------------------------
townwall: (offset +5 for z-coordinate)

    4         5         6         7         8
    01234567890123456789012345678901234567890    (x coord)

50
 1
 2                f##g##h##i##j
 3               #             #
 4              e               k
 5             #                 #
 6            d                   l
 7            #                   #
 8            c                   m
 9            #                   #
60            b                   o
 1            #                   #
 2            a                   p
 3            #                  #
 4            w                 #
 5             #               q
 6              v             #
 7               #           #  
 8                u###t##s##r       

done: abcdefghijklmnopqrstuvw

a towers_up, leads to towers_2up
b above_maingate
c towern_up, leads to towern_2up
l spider,cobweb,
i cauldron
k town68x54, leads down to v of inner city
m plank, get plank

filenames:  townAAxBB      X=AA, Y=BB
example:    town54x52 is townwall f

