A little map of the first town:
===============================

Outer city of sykorath:
=======================

coordinates are multiplied by factor 10 (ten metres)!

  2         3         4         5         6         7         8    (x coord)
  0123456789012345678901234567890123456789012345678901234567890123456789 
30
 1                                      |
 2                                      d
 3                                      |
 4                                      d
 5                                      |
 6                                      d
 7                                      |
 8                                      d
 9                                      |
40                                      d
 1                                      |
 2              j                       d       e
 3                                      |      /
 4                                      d-f-f-f
 5                                      |      \
 6                                      d       f
 7                                      |        \
 8                      h     g-g-g-g-g-d         f
 9                      |    /          |          \
50                      h-g-g           d           f
 1                         /                         \
 2                        g         #############     f
 3                       /         #             #     \
 4                      g         #               #     f-f
 5                      |        #                 #      |
 6                      g       #                   #     f                 *
 7      *               |       #                   #     |                 *
 8      *               g       #                   # c-c-c-c-c-c-c-c-c-+---*
 9      *               |       #                   # |                     *
60    --*-a-a-a-a-a-a-a-a-a-a-a-#-                  # +     b               *
 1      *                       #                   # |    /|\              *
 2      *                       #                   # +   b-b-b
 3      *                       #                  #  |\  |X|
 4                              #                 #   +-+-b-b-b
 5                               #               #        |X|
 6                                #             #         b-b
 7                                 #           # \       /|/
 8                                  ###########         b-b
 9
70
 1
 2
 3
 4
 5
 6
 7
 8
 9
80
 1
 2
 3
 4
 5
 6
 7
 8
 9
90

done: 

# inner townwall (offset +5 in z-coords)
* outer townwall (offset +5 in z-coords)
a wstreet1(more west)..wstreet11(more east)
b graveyard1..?, gravechapel,gravecave
c estree+way to graveyard
d nstreet
e winery
f nestreet
g nwstreet
h safe,treasure
i candyshop
j post
-------------
graveyard:

     7     8
     4567890
60       h
 1      /|\
 2     c-f-i
 3     |X|
 4   --b-d-a           A
 5     |X|
 6     e-g
 7    /|/
68   j-k

done: abcdef h    A

a gravechapel, break ruby out of cross -> tomb
b graveyard1
c graveyard2, open/close grave, dig grave (with pickaxe) -> warrior appears
d graveyard3, pull brick
e graveyard4, open/close graves, move plate of grave->down
f graveyard5 
g graveyard6
h graveyard7
i graveyard8
j graveyard9
k graveyard10
A tomb, up to gravechapel

