
             The center of Silvere

       .              |              .
    ..................x..................
       .              |              .
       .    x-x-x-x-x-x-x-x-x-x-x    .
       .    |                   |    .
       .    x     %^GREEN%^p-p-p-p-p%^RESET%^     x    .
       .    |     | |   | |     |    .
       .    x %^GREEN%^p-p-p p%^RESET%^ %^RED%^T %^GREEN%^p p-p-p%^RESET%^ x    .
       .    | | | |   |   | | | |    .
    x-x-x-x-x %^GREEN%^p p p-p-p-p-p p p%^RESET%^ x-x-x-x-x
       .    | |   |   #   |   | |    .
    L  .    x %^GREEN%^p p p%^RESET%^ %^ORANGE%^s-s-s %^GREEN%^p p p%^RESET%^ x    .
       .    | | | | | | | | | | |    .
       .    x %^GREEN%^p-p-p %^ORANGE%^s-%^CYAN%^F%^RESET%^-%^ORANGE%^s %^GREEN%^p-p-p%^RESET%^ x    .
       .    |       | | |       |    .
       .    x-x-x-x-%^ORANGE%^s-s-s%^RESET%^-x-x-x-x    .
       .              |              .
    ..................x..................
       .              |              .

       p - palace rooms
       s - square in front of palace
       F - fountain in center of square
       T - throne room
       # - entrance into palace
       x - road roomsl
