
             The southwestern part of Silvere

    
    * |                                 * Citywall
    * x                                 # Gate
    *.#....................             . Area limiter
    * x-x-x               .
     *    |               .
      *   x     x-x-x     .
       *  |    /     \    .   This area is intended to be
        * x-x-x       x-x .   a newbiepark, where a new
         *     \     /    .   player can catch some cute
          *     x-x-x     .   little animals and some 
           *   /     \    .   more dangerous beings.
            * x       x   .
             * \     /    .   
              * x-x-x-x-x .
               *  |    \  .
                * x     x .
                 *      | .
                  *     x .
                   *    | .
                    * x-x-x-> To the southern part of 
                     * \  .
                      * x .
                       *  .
                        * .
                         **
                          
